// Jest Snapshot v1, https://goo.gl/fbAQLP

exports[`endpoint.res.js error calls message.error 1`] = `[Function]`;
