// Jest Snapshot v1, https://goo.gl/fbAQLP

exports[`util.extendable-error.js constructor 1`] = `""`;
